// Jest Snapshot v1, https://goo.gl/fbAQLP

exports[`ExecuteTaskButton should render correctly 1`] = `
<DocumentFragment>
  <button
    aria-disabled="false"
    aria-label="taska-submit-task-button"
    class="pf-v5-c-button pf-m-primary some-class-name"
    data-ouia-component-id="OUIA-Generated-Button-primary-1"
    data-ouia-component-type="PF5/Button"
    data-ouia-safe="true"
    type="button"
  >
    Execute task
  </button>
</DocumentFragment>
`;
