// Jest Snapshot v1, https://goo.gl/fbAQLP

exports[`TasksPage should render correctly 1`] = `
<DocumentFragment>
  <section
    class="pf-v5-l-page-header pf-v5-c-page-header pf-v5-l-page__main-section pf-v5-c-page__main-section pf-m-light"
    data-ouia-component-id="OUIA-Generated-RHI/Header-true-1"
    data-ouia-component-type="RHI/Header"
    data-ouia-safe="true"
    widget-type="InsightsPageHeader"
  >
    <div
      class="pf-v5-l-flex pf-m-flex-1 pf-m-align-items-center pf-m-nowrap"
    >
      <div
        class="pf-u-mr-0"
      >
        <div
          class="pf-v5-l-flex pf-m-justify-content-space-between"
        >
          <div
            class=""
          >
            <h1
              class="pf-v5-c-title pf-m-2xl pf-u-display-inline"
              data-ouia-component-id="OUIA-Generated-RHI/Header-true-2"
              data-ouia-component-type="RHI/Header"
              data-ouia-safe="true"
              widget-type="InsightsPageHeaderTitle"
            >
              Tasks
            </h1>
          </div>
        </div>
      </div>
      <div
        class=""
      >
        <div>
          <div
            style="display: contents;"
          >
            <button
              aria-disabled="false"
              aria-label="About Tasks"
              class="pf-v5-c-button pf-m-plain pf-u-pl-sm pf-u-pr-0"
              data-ouia-component-id="OUIA-Generated-Button-plain-1"
              data-ouia-component-type="PF5/Button"
              data-ouia-safe="true"
              type="button"
            >
              <span
                class="pf-v5-c-icon"
              >
                <span
                  class="pf-v5-c-icon__content"
                >
                  <svg
                    aria-hidden="true"
                    class="pf-v5-svg"
                    fill="currentColor"
                    height="1em"
                    role="img"
                    viewBox="0 0 512 512"
                    width="1em"
                  >
                    <path
                      d="M256 8C119.043 8 8 119.083 8 256c0 136.997 111.043 248 248 248s248-111.003 248-248C504 119.083 392.957 8 256 8zm0 448c-110.532 0-200-89.431-200-200 0-110.495 89.472-200 200-200 110.491 0 200 89.471 200 200 0 110.53-89.431 200-200 200zm107.244-255.2c0 67.052-72.421 68.084-72.421 92.863V300c0 6.627-5.373 12-12 12h-45.647c-6.627 0-12-5.373-12-12v-8.659c0-35.745 27.1-50.034 47.579-61.516 17.561-9.845 28.324-16.541 28.324-29.579 0-17.246-21.999-28.693-39.784-28.693-23.189 0-33.894 10.977-48.942 29.969-4.057 5.12-11.46 6.071-16.666 2.124l-27.824-21.098c-5.107-3.872-6.251-11.066-2.644-16.363C184.846 131.491 214.94 112 261.794 112c49.071 0 101.45 38.304 101.45 88.8zM298 368c0 23.159-18.841 42-42 42s-42-18.841-42-42 18.841-42 42-42 42 18.841 42 42z"
                    />
                  </svg>
                </span>
              </span>
            </button>
          </div>
        </div>
      </div>
    </div>
  </section>
  <div
    class="pf-v5-c-tabs tabs-background"
    data-ouia-component-id="OUIA-Generated-Tabs-1"
    data-ouia-component-type="PF5/Tabs"
    data-ouia-safe="true"
  >
    <ul
      class="pf-v5-c-tabs__list"
      role="tablist"
    >
      <li
        class="pf-v5-c-tabs__item pf-m-current"
        role="presentation"
      >
        <button
          aria-controls="pf-tab-section-0-tabs-page-0"
          aria-selected="true"
          class="pf-v5-c-tabs__link"
          data-ouia-component-type="PF5/TabButton"
          data-ouia-safe="true"
          id="pf-tab-0-tabs-page-0"
          role="tab"
          type="button"
        >
          <span
            class="pf-v5-c-tabs__item-text"
          >
            Available
          </span>
        </button>
      </li>
      <li
        class="pf-v5-c-tabs__item"
        role="presentation"
      >
        <button
          aria-controls="pf-tab-section-1-tabs-page-1"
          aria-selected="false"
          class="pf-v5-c-tabs__link"
          data-ouia-component-type="PF5/TabButton"
          data-ouia-safe="true"
          id="pf-tab-1-tabs-page-1"
          role="tab"
          type="button"
        >
          <span
            class="pf-v5-c-tabs__item-text"
          >
            Activity
          </span>
        </button>
      </li>
    </ul>
  </div>
  <section
    class="pf-v5-l-page__main-section pf-v5-c-page__main-section"
  >
    <div
      class="pf-v5-l-stack pf-m-gutter"
    >
      <div
        class="pf-v5-l-stack__item"
      >
        <div
          aria-label="available-tasks"
        >
          <div
            class="pf-v5-c-card"
            data-ouia-component-id="OUIA-Generated-Card-1"
            data-ouia-component-type="PF5/Card"
            data-ouia-safe="true"
            id=""
          >
            <div
              class="pf-v5-c-card__title"
            >
              <div
                class="pf-v5-c-card__title-text"
              >
                <div
                  class="pf-v5-c-skeleton ins-c-skeleton ins-c-skeleton__md"
                >
                  <span
                    class="pf-v5-screen-reader"
                  />
                </div>
              </div>
            </div>
            <div
              class="pf-v5-c-card__body"
            >
              <div
                class="pf-v5-c-skeleton ins-c-skeleton ins-c-skeleton__md"
              >
                <span
                  class="pf-v5-screen-reader"
                />
              </div>
            </div>
            <div
              class="pf-v5-c-card__footer"
            >
              <div
                class="pf-v5-c-skeleton ins-c-skeleton ins-c-skeleton__md"
              >
                <span
                  class="pf-v5-screen-reader"
                />
              </div>
            </div>
          </div>
          <br />
          <div
            class="pf-v5-c-card"
            data-ouia-component-id="OUIA-Generated-Card-2"
            data-ouia-component-type="PF5/Card"
            data-ouia-safe="true"
            id=""
          >
            <div
              class="pf-v5-c-card__title"
            >
              <div
                class="pf-v5-c-card__title-text"
              >
                <div
                  class="pf-v5-c-skeleton ins-c-skeleton ins-c-skeleton__md"
                >
                  <span
                    class="pf-v5-screen-reader"
                  />
                </div>
              </div>
            </div>
            <div
              class="pf-v5-c-card__body"
            >
              <div
                class="pf-v5-c-skeleton ins-c-skeleton ins-c-skeleton__md"
              >
                <span
                  class="pf-v5-screen-reader"
                />
              </div>
            </div>
            <div
              class="pf-v5-c-card__footer"
            >
              <div
                class="pf-v5-c-skeleton ins-c-skeleton ins-c-skeleton__md"
              >
                <span
                  class="pf-v5-screen-reader"
                />
              </div>
            </div>
          </div>
          <br />
          <div
            class="pf-v5-c-card"
            data-ouia-component-id="OUIA-Generated-Card-3"
            data-ouia-component-type="PF5/Card"
            data-ouia-safe="true"
            id=""
          >
            <div
              class="pf-v5-c-card__title"
            >
              <div
                class="pf-v5-c-card__title-text"
              >
                <div
                  class="pf-v5-c-skeleton ins-c-skeleton ins-c-skeleton__md"
                >
                  <span
                    class="pf-v5-screen-reader"
                  />
                </div>
              </div>
            </div>
            <div
              class="pf-v5-c-card__body"
            >
              <div
                class="pf-v5-c-skeleton ins-c-skeleton ins-c-skeleton__md"
              >
                <span
                  class="pf-v5-screen-reader"
                />
              </div>
            </div>
            <div
              class="pf-v5-c-card__footer"
            >
              <div
                class="pf-v5-c-skeleton ins-c-skeleton ins-c-skeleton__md"
              >
                <span
                  class="pf-v5-screen-reader"
                />
              </div>
            </div>
          </div>
          <br />
        </div>
      </div>
    </div>
  </section>
</DocumentFragment>
`;
