// Jest Snapshot v1, https://goo.gl/fbAQLP

exports[`useTableTools returns tableProps 1`] = `
Object {
  "all": Array [
    Object {
      "tableProps": Object {
        "cells": Array [
          Object {
            "props": Object {
              "width": 35,
            },
            "sortByProp": "task_title",
            "title": "Task",
            "transforms": Array [
              [Function],
            ],
          },
          Object {
            "props": Object {
              "width": 20,
            },
            "renderExport": [Function],
            "sortByProp": "systems_count",
            "title": "Systems",
            "transforms": Array [
              [Function],
            ],
          },
          Object {
            "props": Object {
              "width": 20,
            },
            "sortByProp": "start_time",
            "title": "Run date/time",
            "transforms": Array [
              [Function],
            ],
          },
        ],
        "onSort": [Function],
        "rows": Array [
          Object {
            "cells": Array [
              Object {
                "title": "taskA",
              },
              Object {
                "title": 10,
              },
              Object {
                "title": "2022-04-20T10:10:00",
              },
            ],
            "display_name": undefined,
            "has_stdout": undefined,
            "itemId": undefined,
            "jobId": 1,
          },
          Object {
            "cells": Array [
              Object {
                "title": "taskB",
              },
              Object {
                "title": 5,
              },
              Object {
                "title": "2022-04-21T10:10:00",
              },
            ],
            "display_name": undefined,
            "has_stdout": undefined,
            "itemId": undefined,
            "jobId": 2,
          },
          Object {
            "cells": Array [
              Object {
                "title": "taskC",
              },
              Object {
                "title": 3,
              },
              Object {
                "title": "2022-04-25T10:10:00",
              },
            ],
            "display_name": undefined,
            "has_stdout": undefined,
            "itemId": undefined,
            "jobId": 3,
          },
        ],
        "sortBy": Object {
          "direction": "asc",
          "index": 3,
        },
      },
      "toolbarProps": Object {
        "pagination": Object {
          "itemCount": 3,
          "onPerPageSelect": [Function],
          "onSetPage": [Function],
          "page": 1,
          "perPage": 10,
        },
      },
    },
    Object {
      "tableProps": Object {
        "cells": Array [
          Object {
            "props": Object {
              "width": 35,
            },
            "sortByProp": "task_title",
            "title": "Task",
            "transforms": Array [
              [Function],
            ],
          },
          Object {
            "props": Object {
              "width": 20,
            },
            "renderExport": [Function],
            "sortByProp": "systems_count",
            "title": "Systems",
            "transforms": Array [
              [Function],
            ],
          },
          Object {
            "props": Object {
              "width": 20,
            },
            "sortByProp": "start_time",
            "title": "Run date/time",
            "transforms": Array [
              [Function],
            ],
          },
        ],
        "onSort": [Function],
        "rows": Array [
          Object {
            "cells": Array [
              Object {
                "title": "taskA",
              },
              Object {
                "title": 10,
              },
              Object {
                "title": "2022-04-20T10:10:00",
              },
            ],
            "display_name": undefined,
            "has_stdout": undefined,
            "itemId": undefined,
            "jobId": 1,
          },
          Object {
            "cells": Array [
              Object {
                "title": "taskB",
              },
              Object {
                "title": 5,
              },
              Object {
                "title": "2022-04-21T10:10:00",
              },
            ],
            "display_name": undefined,
            "has_stdout": undefined,
            "itemId": undefined,
            "jobId": 2,
          },
          Object {
            "cells": Array [
              Object {
                "title": "taskC",
              },
              Object {
                "title": 3,
              },
              Object {
                "title": "2022-04-25T10:10:00",
              },
            ],
            "display_name": undefined,
            "has_stdout": undefined,
            "itemId": undefined,
            "jobId": 3,
          },
        ],
        "sortBy": Object {
          "direction": "asc",
          "index": 3,
        },
      },
      "toolbarProps": Object {
        "pagination": Object {
          "itemCount": 3,
          "onPerPageSelect": [Function],
          "onSetPage": [Function],
          "page": 1,
          "perPage": 10,
        },
      },
    },
  ],
  "current": Object {
    "tableProps": Object {
      "cells": Array [
        Object {
          "props": Object {
            "width": 35,
          },
          "sortByProp": "task_title",
          "title": "Task",
          "transforms": Array [
            [Function],
          ],
        },
        Object {
          "props": Object {
            "width": 20,
          },
          "renderExport": [Function],
          "sortByProp": "systems_count",
          "title": "Systems",
          "transforms": Array [
            [Function],
          ],
        },
        Object {
          "props": Object {
            "width": 20,
          },
          "sortByProp": "start_time",
          "title": "Run date/time",
          "transforms": Array [
            [Function],
          ],
        },
      ],
      "onSort": [Function],
      "rows": Array [
        Object {
          "cells": Array [
            Object {
              "title": "taskA",
            },
            Object {
              "title": 10,
            },
            Object {
              "title": "2022-04-20T10:10:00",
            },
          ],
          "display_name": undefined,
          "has_stdout": undefined,
          "itemId": undefined,
          "jobId": 1,
        },
        Object {
          "cells": Array [
            Object {
              "title": "taskB",
            },
            Object {
              "title": 5,
            },
            Object {
              "title": "2022-04-21T10:10:00",
            },
          ],
          "display_name": undefined,
          "has_stdout": undefined,
          "itemId": undefined,
          "jobId": 2,
        },
        Object {
          "cells": Array [
            Object {
              "title": "taskC",
            },
            Object {
              "title": 3,
            },
            Object {
              "title": "2022-04-25T10:10:00",
            },
          ],
          "display_name": undefined,
          "has_stdout": undefined,
          "itemId": undefined,
          "jobId": 3,
        },
      ],
      "sortBy": Object {
        "direction": "asc",
        "index": 3,
      },
    },
    "toolbarProps": Object {
      "pagination": Object {
        "itemCount": 3,
        "onPerPageSelect": [Function],
        "onSetPage": [Function],
        "page": 1,
        "perPage": 10,
      },
    },
  },
  "error": undefined,
}
`;
