// Jest Snapshot v1, https://goo.gl/fbAQLP

exports[`ActivityTable should render correctly 1`] = `
<DocumentFragment>
  <div
    aria-label="activity"
  >
    <div
      class="pf-v5-c-toolbar  ins-c-primary-toolbar"
      data-ouia-component-id="PrimaryToolbar"
      data-ouia-component-type="PF5/Toolbar"
      data-ouia-safe="true"
      id="ins-primary-data-toolbar"
    >
      <div
        class="pf-v5-c-toolbar__content"
      >
        <div
          class="pf-v5-c-toolbar__content-section"
        >
          <div
            class="pf-v5-c-toolbar__group pf-m-filter-group ins-c-primary-toolbar__group-filter pf-m-spacer-md pf-m-space-items-lg"
          >
            <div
              class="pf-v5-c-toolbar__item ins-c-primary-toolbar__filter"
            >
              <div
                class="pf-v5-l-split ins-c-conditional-filter"
              >
                <div
                  class="pf-v5-l-split__item"
                >
                  <button
                    aria-expanded="false"
                    aria-label="Conditional filter toggle"
                    class="pf-v5-c-menu-toggle ins-c-conditional-filter__group"
                    data-ouia-component-id="OUIA-Generated-MenuToggle-1"
                    data-ouia-component-type="PF5/MenuToggle"
                    data-ouia-safe="true"
                    type="button"
                  >
                    <span
                      class="pf-v5-c-menu-toggle__text"
                    >
                      <span
                        class="pf-v5-c-icon pf-m-md"
                      >
                        <span
                          class="pf-v5-c-icon__content"
                        >
                          <svg
                            aria-hidden="true"
                            class="pf-v5-svg"
                            fill="currentColor"
                            height="1em"
                            role="img"
                            viewBox="0 0 512 512"
                            width="1em"
                          >
                            <path
                              d="M487.976 0H24.028C2.71 0-8.047 25.866 7.058 40.971L192 225.941V432c0 7.831 3.821 15.17 10.237 19.662l80 55.98C298.02 518.69 320 507.493 320 487.98V225.941l184.947-184.97C520.021 25.896 509.338 0 487.976 0z"
                            />
                          </svg>
                        </span>
                      </span>
                      <span
                        class="ins-c-conditional-filter__value-selector"
                      >
                        Task
                      </span>
                    </span>
                    <span
                      class="pf-v5-c-menu-toggle__controls"
                    >
                      <span
                        class="pf-v5-c-menu-toggle__toggle-icon"
                      >
                        <svg
                          aria-hidden="true"
                          class="pf-v5-svg"
                          fill="currentColor"
                          height="1em"
                          role="img"
                          viewBox="0 0 320 512"
                          width="1em"
                        >
                          <path
                            d="M31.3 192h257.3c17.8 0 26.7 21.5 14.1 34.1L174.1 354.8c-7.8 7.8-20.5 7.8-28.3 0L17.2 226.1C4.6 213.5 13.5 192 31.3 192z"
                          />
                        </svg>
                      </span>
                    </span>
                  </button>
                </div>
                <div
                  class="pf-v5-l-split__item pf-m-fill"
                  data-ouia-component-id="ConditionalFilter"
                >
                  <span
                    class="pf-v5-c-form-control pf-m-icon ins-c-conditional-filter"
                  >
                    <input
                      aria-invalid="false"
                      aria-label="text input"
                      data-ouia-component-id="ConditionalFilter"
                      data-ouia-component-type="PF5/TextInput"
                      data-ouia-safe="true"
                      placeholder="Filter by task"
                      type="text"
                      value=""
                      widget-type="InsightsInput"
                    />
                    <span
                      class="pf-v5-c-form-control__utilities"
                    >
                      <span
                        class="pf-v5-c-form-control__icon"
                      >
                        <span
                          class="pf-v5-c-icon pf-m-md ins-c-search-icon"
                        >
                          <span
                            class="pf-v5-c-icon__content"
                          >
                            <svg
                              aria-hidden="true"
                              class="pf-v5-svg"
                              fill="currentColor"
                              height="1em"
                              role="img"
                              viewBox="0 0 512 512"
                              width="1em"
                            >
                              <path
                                d="M505 442.7L405.3 343c-4.5-4.5-10.6-7-17-7H372c27.6-35.3 44-79.7 44-128C416 93.1 322.9 0 208 0S0 93.1 0 208s93.1 208 208 208c48.3 0 92.7-16.4 128-44v16.3c0 6.4 2.5 12.5 7 17l99.7 99.7c9.4 9.4 24.6 9.4 33.9 0l28.3-28.3c9.4-9.4 9.4-24.6.1-34zM208 336c-70.7 0-128-57.2-128-128 0-70.7 57.2-128 128-128 70.7 0 128 57.2 128 128 0 70.7-57.2 128-128 128z"
                              />
                            </svg>
                          </span>
                        </span>
                      </span>
                    </span>
                  </span>
                </div>
              </div>
            </div>
          </div>
          <div
            class="pf-v5-c-toolbar__item pf-m-spacer-sm"
          >
            <div
              style="display: contents;"
            >
              <button
                aria-expanded="false"
                aria-label="Export"
                class="pf-v5-c-menu-toggle pf-m-plain"
                data-ouia-component-id="OUIA-Generated-MenuToggle-plain-1"
                data-ouia-component-type="PF5/MenuToggle"
                data-ouia-safe="true"
                type="button"
              >
                <svg
                  aria-hidden="true"
                  class="pf-v5-svg"
                  fill="currentColor"
                  height="1em"
                  role="img"
                  viewBox="0 0 1024 1024"
                  width="1em"
                >
                  <path
                    d="M975.8,636.9 L870.9,741.8 L457.9,328.6 C452.1,322.8 445.4,319.9 437.9,319.9 C430.4,319.9 423.7,322.8 417.9,328.6 L328.8,417.7 C323,423.5 320.1,430.2 320.1,437.7 C320.1,445.2 323,451.9 328.8,457.7 L742,870.7 L636.9,975.8 C610.5,1002.2 619.4,1024 656.8,1024 L956,1024 C1014.5,1024 1024,1013.7 1024,955.9 L1024,656.7 C1023.9,619.4 1002.2,610.5 975.8,636.9 Z M128,128 L896,128 L896,361.7 C896.007942,370.182681 899.389907,378.313788 905.4,384.3 L996.7,475.6 C1006.8,485.7 1024,478.5 1024,464.3 L1024,22.7 C1024,16.1 1021.9,10.7 1017.6,6.4 C1013.3,2.1 1007.9,0 1001.3,0 L22.7,0 C16.1,0 10.7,2.1 6.4,6.4 C2.1,10.7 0,16.1 0,22.7 L0,1001.3 C0,1007.9 2.1,1013.3 6.4,1017.6 C10.7,1021.9 16.1,1024 22.7,1024 L463.4,1024 C469.862884,1023.98894 475.684489,1020.0908 478.156232,1014.11925 C480.627976,1008.14769 479.264428,1001.27548 474.7,996.7 L383.4,905.4 C377.413788,899.389907 369.282681,896.007942 360.8,896 L128,896 L128,128 Z"
                  />
                </svg>
              </button>
            </div>
          </div>
          <div
            class="pf-v5-c-toolbar__item ins-c-primary-toolbar__pagination"
          >
            <div
              class="pf-v5-c-skeleton ins-c-skeleton ins-c-skeleton__lg"
            >
              <span
                class="pf-v5-screen-reader"
              />
            </div>
          </div>
        </div>
      </div>
      <div
        class="pf-v5-c-toolbar__content pf-m-hidden"
        hidden=""
      >
        <div
          class="pf-v5-c-toolbar__group"
        />
      </div>
    </div>
    <table
      aria-label="activity-table"
      class="pf-v5-c-table pf-m-grid-md"
      data-ouia-component-id="activity-table"
      data-ouia-component-type="PF5/Table"
      data-ouia-safe="true"
      role="grid"
    >
      <thead
        class="pf-v5-c-table__thead"
      >
        <tr
          class="pf-v5-c-table__tr"
          data-ouia-component-id="OUIA-Generated-TableRow-1"
          data-ouia-component-type="PF5/TableRow"
          data-ouia-safe="true"
        >
          <th
            aria-sort="none"
            class="pf-v5-c-table__th pf-v5-c-table__sort pf-m-width-25"
            data-key="0"
            data-label="Task"
            scope="col"
            tabindex="-1"
          >
            <button
              class="pf-v5-c-table__button"
              type="button"
            >
              <div
                class="pf-v5-c-table__button-content"
              >
                <span
                  class="pf-v5-c-table__text"
                >
                  Task
                </span>
                <span
                  class="pf-v5-c-table__sort-indicator"
                >
                  <svg
                    aria-hidden="true"
                    class="pf-v5-svg"
                    fill="currentColor"
                    height="1em"
                    role="img"
                    viewBox="0 0 256 512"
                    width="1em"
                  >
                    <path
                      d="M214.059 377.941H168V134.059h46.059c21.382 0 32.09-25.851 16.971-40.971L144.971 7.029c-9.373-9.373-24.568-9.373-33.941 0L24.971 93.088c-15.119 15.119-4.411 40.971 16.971 40.971H88v243.882H41.941c-21.382 0-32.09 25.851-16.971 40.971l86.059 86.059c9.373 9.373 24.568 9.373 33.941 0l86.059-86.059c15.12-15.119 4.412-40.971-16.97-40.971z"
                    />
                  </svg>
                </span>
              </div>
            </button>
          </th>
          <th
            aria-sort="none"
            class="pf-v5-c-table__th pf-v5-c-table__sort pf-m-width-10"
            data-key="1"
            data-label="Systems"
            scope="col"
            tabindex="-1"
          >
            <button
              class="pf-v5-c-table__button"
              type="button"
            >
              <div
                class="pf-v5-c-table__button-content"
              >
                <span
                  class="pf-v5-c-table__text"
                >
                  Systems
                </span>
                <span
                  class="pf-v5-c-table__sort-indicator"
                >
                  <svg
                    aria-hidden="true"
                    class="pf-v5-svg"
                    fill="currentColor"
                    height="1em"
                    role="img"
                    viewBox="0 0 256 512"
                    width="1em"
                  >
                    <path
                      d="M214.059 377.941H168V134.059h46.059c21.382 0 32.09-25.851 16.971-40.971L144.971 7.029c-9.373-9.373-24.568-9.373-33.941 0L24.971 93.088c-15.119 15.119-4.411 40.971 16.971 40.971H88v243.882H41.941c-21.382 0-32.09 25.851-16.971 40.971l86.059 86.059c9.373 9.373 24.568 9.373 33.941 0l86.059-86.059c15.12-15.119 4.412-40.971-16.97-40.971z"
                    />
                  </svg>
                </span>
              </div>
            </button>
          </th>
          <th
            aria-sort="none"
            class="pf-v5-c-table__th pf-v5-c-table__sort pf-m-width-10"
            data-key="2"
            data-label="Status"
            scope="col"
            tabindex="-1"
          >
            <button
              class="pf-v5-c-table__button"
              type="button"
            >
              <div
                class="pf-v5-c-table__button-content"
              >
                <span
                  class="pf-v5-c-table__text"
                >
                  Status
                </span>
                <span
                  class="pf-v5-c-table__sort-indicator"
                >
                  <svg
                    aria-hidden="true"
                    class="pf-v5-svg"
                    fill="currentColor"
                    height="1em"
                    role="img"
                    viewBox="0 0 256 512"
                    width="1em"
                  >
                    <path
                      d="M214.059 377.941H168V134.059h46.059c21.382 0 32.09-25.851 16.971-40.971L144.971 7.029c-9.373-9.373-24.568-9.373-33.941 0L24.971 93.088c-15.119 15.119-4.411 40.971 16.971 40.971H88v243.882H41.941c-21.382 0-32.09 25.851-16.971 40.971l86.059 86.059c9.373 9.373 24.568 9.373 33.941 0l86.059-86.059c15.12-15.119 4.412-40.971-16.97-40.971z"
                    />
                  </svg>
                </span>
              </div>
            </button>
          </th>
          <th
            aria-sort="descending"
            class="pf-v5-c-table__th pf-v5-c-table__sort pf-m-selected pf-m-width-20"
            data-key="3"
            data-label="Run date/time"
            scope="col"
            tabindex="-1"
          >
            <button
              class="pf-v5-c-table__button"
              type="button"
            >
              <div
                class="pf-v5-c-table__button-content"
              >
                <span
                  class="pf-v5-c-table__text"
                >
                  Run date/time
                </span>
                <span
                  class="pf-v5-c-table__sort-indicator"
                >
                  <svg
                    aria-hidden="true"
                    class="pf-v5-svg"
                    fill="currentColor"
                    height="1em"
                    role="img"
                    viewBox="0 0 256 512"
                    width="1em"
                  >
                    <path
                      d="M168 345.941V44c0-6.627-5.373-12-12-12h-56c-6.627 0-12 5.373-12 12v301.941H41.941c-21.382 0-32.09 25.851-16.971 40.971l86.059 86.059c9.373 9.373 24.569 9.373 33.941 0l86.059-86.059c15.119-15.119 4.411-40.971-16.971-40.971H168z"
                    />
                  </svg>
                </span>
              </div>
            </button>
          </th>
          <td
            class="pf-v5-c-table__th"
            data-key="4"
            data-label=""
            tabindex="-1"
          />
        </tr>
      </thead>
      <tbody
        class="pf-v5-c-table__tbody"
        role="rowgroup"
      >
        <tr
          class="pf-v5-c-table__tr"
          data-ouia-component-id="OUIA-Generated-TableRow-2"
          data-ouia-component-type="PF5/TableRow"
          data-ouia-safe="true"
        >
          <td
            class="pf-v5-c-table__td pf-m-width-25"
            data-key="0"
            data-label="Task"
            tabindex="-1"
          >
            <a
              href="/insights/tasks/executed/undefined"
            >
              <div
                class="pf-v5-c-skeleton ins-c-skeleton ins-c-skeleton__md"
              >
                <span
                  class="pf-v5-screen-reader"
                />
              </div>
            </a>
          </td>
          <td
            class="pf-v5-c-table__td pf-m-width-10"
            data-key="1"
            data-label="Systems"
            tabindex="-1"
          >
            <div
              class="pf-v5-c-skeleton ins-c-skeleton ins-c-skeleton__md"
            >
              <span
                class="pf-v5-screen-reader"
              />
            </div>
          </td>
          <td
            class="pf-v5-c-table__td pf-m-width-10"
            data-key="2"
            data-label="Status"
            tabindex="-1"
          >
            <div>
              <div
                class="pf-v5-c-skeleton ins-c-skeleton ins-c-skeleton__md"
              >
                <span
                  class="pf-v5-screen-reader"
                />
              </div>
            </div>
          </td>
          <td
            class="pf-v5-c-table__td pf-m-width-20"
            data-key="3"
            data-label="Run date/time"
            tabindex="-1"
          >
            <div
              class="pf-v5-c-skeleton ins-c-skeleton ins-c-skeleton__md"
            >
              <span
                class="pf-v5-screen-reader"
              />
            </div>
          </td>
          <td
            class="pf-v5-c-table__td pf-v5-c-table__action"
            data-key="4"
            style="padding-right: 0px;"
            tabindex="-1"
          >
            <button
              aria-expanded="false"
              aria-label="Kebab toggle"
              class="pf-v5-c-menu-toggle pf-m-plain"
              data-ouia-component-id="OUIA-Generated-MenuToggle-plain-7"
              data-ouia-component-type="PF5/MenuToggle"
              data-ouia-safe="true"
              type="button"
            >
              <svg
                aria-hidden="true"
                class="pf-v5-svg"
                fill="currentColor"
                height="1em"
                role="img"
                viewBox="0 0 192 512"
                width="1em"
              >
                <path
                  d="M96 184c39.8 0 72 32.2 72 72s-32.2 72-72 72-72-32.2-72-72 32.2-72 72-72zM24 80c0 39.8 32.2 72 72 72s72-32.2 72-72S135.8 8 96 8 24 40.2 24 80zm0 352c0 39.8 32.2 72 72 72s72-32.2 72-72-32.2-72-72-72-72 32.2-72 72z"
                />
              </svg>
            </button>
          </td>
        </tr>
        <tr
          class="pf-v5-c-table__tr"
          data-ouia-component-id="OUIA-Generated-TableRow-3"
          data-ouia-component-type="PF5/TableRow"
          data-ouia-safe="true"
        >
          <td
            class="pf-v5-c-table__td pf-m-width-25"
            data-key="0"
            data-label="Task"
            tabindex="-1"
          >
            <a
              href="/insights/tasks/executed/undefined"
            >
              <div
                class="pf-v5-c-skeleton ins-c-skeleton ins-c-skeleton__md"
              >
                <span
                  class="pf-v5-screen-reader"
                />
              </div>
            </a>
          </td>
          <td
            class="pf-v5-c-table__td pf-m-width-10"
            data-key="1"
            data-label="Systems"
            tabindex="-1"
          >
            <div
              class="pf-v5-c-skeleton ins-c-skeleton ins-c-skeleton__md"
            >
              <span
                class="pf-v5-screen-reader"
              />
            </div>
          </td>
          <td
            class="pf-v5-c-table__td pf-m-width-10"
            data-key="2"
            data-label="Status"
            tabindex="-1"
          >
            <div>
              <div
                class="pf-v5-c-skeleton ins-c-skeleton ins-c-skeleton__md"
              >
                <span
                  class="pf-v5-screen-reader"
                />
              </div>
            </div>
          </td>
          <td
            class="pf-v5-c-table__td pf-m-width-20"
            data-key="3"
            data-label="Run date/time"
            tabindex="-1"
          >
            <div
              class="pf-v5-c-skeleton ins-c-skeleton ins-c-skeleton__md"
            >
              <span
                class="pf-v5-screen-reader"
              />
            </div>
          </td>
          <td
            class="pf-v5-c-table__td pf-v5-c-table__action"
            data-key="4"
            style="padding-right: 0px;"
            tabindex="-1"
          >
            <button
              aria-expanded="false"
              aria-label="Kebab toggle"
              class="pf-v5-c-menu-toggle pf-m-plain"
              data-ouia-component-id="OUIA-Generated-MenuToggle-plain-8"
              data-ouia-component-type="PF5/MenuToggle"
              data-ouia-safe="true"
              type="button"
            >
              <svg
                aria-hidden="true"
                class="pf-v5-svg"
                fill="currentColor"
                height="1em"
                role="img"
                viewBox="0 0 192 512"
                width="1em"
              >
                <path
                  d="M96 184c39.8 0 72 32.2 72 72s-32.2 72-72 72-72-32.2-72-72 32.2-72 72-72zM24 80c0 39.8 32.2 72 72 72s72-32.2 72-72S135.8 8 96 8 24 40.2 24 80zm0 352c0 39.8 32.2 72 72 72s72-32.2 72-72-32.2-72-72-72-72 32.2-72 72z"
                />
              </svg>
            </button>
          </td>
        </tr>
        <tr
          class="pf-v5-c-table__tr"
          data-ouia-component-id="OUIA-Generated-TableRow-4"
          data-ouia-component-type="PF5/TableRow"
          data-ouia-safe="true"
        >
          <td
            class="pf-v5-c-table__td pf-m-width-25"
            data-key="0"
            data-label="Task"
            tabindex="-1"
          >
            <a
              href="/insights/tasks/executed/undefined"
            >
              <div
                class="pf-v5-c-skeleton ins-c-skeleton ins-c-skeleton__md"
              >
                <span
                  class="pf-v5-screen-reader"
                />
              </div>
            </a>
          </td>
          <td
            class="pf-v5-c-table__td pf-m-width-10"
            data-key="1"
            data-label="Systems"
            tabindex="-1"
          >
            <div
              class="pf-v5-c-skeleton ins-c-skeleton ins-c-skeleton__md"
            >
              <span
                class="pf-v5-screen-reader"
              />
            </div>
          </td>
          <td
            class="pf-v5-c-table__td pf-m-width-10"
            data-key="2"
            data-label="Status"
            tabindex="-1"
          >
            <div>
              <div
                class="pf-v5-c-skeleton ins-c-skeleton ins-c-skeleton__md"
              >
                <span
                  class="pf-v5-screen-reader"
                />
              </div>
            </div>
          </td>
          <td
            class="pf-v5-c-table__td pf-m-width-20"
            data-key="3"
            data-label="Run date/time"
            tabindex="-1"
          >
            <div
              class="pf-v5-c-skeleton ins-c-skeleton ins-c-skeleton__md"
            >
              <span
                class="pf-v5-screen-reader"
              />
            </div>
          </td>
          <td
            class="pf-v5-c-table__td pf-v5-c-table__action"
            data-key="4"
            style="padding-right: 0px;"
            tabindex="-1"
          >
            <button
              aria-expanded="false"
              aria-label="Kebab toggle"
              class="pf-v5-c-menu-toggle pf-m-plain"
              data-ouia-component-id="OUIA-Generated-MenuToggle-plain-9"
              data-ouia-component-type="PF5/MenuToggle"
              data-ouia-safe="true"
              type="button"
            >
              <svg
                aria-hidden="true"
                class="pf-v5-svg"
                fill="currentColor"
                height="1em"
                role="img"
                viewBox="0 0 192 512"
                width="1em"
              >
                <path
                  d="M96 184c39.8 0 72 32.2 72 72s-32.2 72-72 72-72-32.2-72-72 32.2-72 72-72zM24 80c0 39.8 32.2 72 72 72s72-32.2 72-72S135.8 8 96 8 24 40.2 24 80zm0 352c0 39.8 32.2 72 72 72s72-32.2 72-72-32.2-72-72-72-72 32.2-72 72z"
                />
              </svg>
            </button>
          </td>
        </tr>
        <tr
          class="pf-v5-c-table__tr"
          data-ouia-component-id="OUIA-Generated-TableRow-5"
          data-ouia-component-type="PF5/TableRow"
          data-ouia-safe="true"
        >
          <td
            class="pf-v5-c-table__td pf-m-width-25"
            data-key="0"
            data-label="Task"
            tabindex="-1"
          >
            <a
              href="/insights/tasks/executed/undefined"
            >
              <div
                class="pf-v5-c-skeleton ins-c-skeleton ins-c-skeleton__md"
              >
                <span
                  class="pf-v5-screen-reader"
                />
              </div>
            </a>
          </td>
          <td
            class="pf-v5-c-table__td pf-m-width-10"
            data-key="1"
            data-label="Systems"
            tabindex="-1"
          >
            <div
              class="pf-v5-c-skeleton ins-c-skeleton ins-c-skeleton__md"
            >
              <span
                class="pf-v5-screen-reader"
              />
            </div>
          </td>
          <td
            class="pf-v5-c-table__td pf-m-width-10"
            data-key="2"
            data-label="Status"
            tabindex="-1"
          >
            <div>
              <div
                class="pf-v5-c-skeleton ins-c-skeleton ins-c-skeleton__md"
              >
                <span
                  class="pf-v5-screen-reader"
                />
              </div>
            </div>
          </td>
          <td
            class="pf-v5-c-table__td pf-m-width-20"
            data-key="3"
            data-label="Run date/time"
            tabindex="-1"
          >
            <div
              class="pf-v5-c-skeleton ins-c-skeleton ins-c-skeleton__md"
            >
              <span
                class="pf-v5-screen-reader"
              />
            </div>
          </td>
          <td
            class="pf-v5-c-table__td pf-v5-c-table__action"
            data-key="4"
            style="padding-right: 0px;"
            tabindex="-1"
          >
            <button
              aria-expanded="false"
              aria-label="Kebab toggle"
              class="pf-v5-c-menu-toggle pf-m-plain"
              data-ouia-component-id="OUIA-Generated-MenuToggle-plain-10"
              data-ouia-component-type="PF5/MenuToggle"
              data-ouia-safe="true"
              type="button"
            >
              <svg
                aria-hidden="true"
                class="pf-v5-svg"
                fill="currentColor"
                height="1em"
                role="img"
                viewBox="0 0 192 512"
                width="1em"
              >
                <path
                  d="M96 184c39.8 0 72 32.2 72 72s-32.2 72-72 72-72-32.2-72-72 32.2-72 72-72zM24 80c0 39.8 32.2 72 72 72s72-32.2 72-72S135.8 8 96 8 24 40.2 24 80zm0 352c0 39.8 32.2 72 72 72s72-32.2 72-72-32.2-72-72-72-72 32.2-72 72z"
                />
              </svg>
            </button>
          </td>
        </tr>
        <tr
          class="pf-v5-c-table__tr"
          data-ouia-component-id="OUIA-Generated-TableRow-6"
          data-ouia-component-type="PF5/TableRow"
          data-ouia-safe="true"
        >
          <td
            class="pf-v5-c-table__td pf-m-width-25"
            data-key="0"
            data-label="Task"
            tabindex="-1"
          >
            <a
              href="/insights/tasks/executed/undefined"
            >
              <div
                class="pf-v5-c-skeleton ins-c-skeleton ins-c-skeleton__md"
              >
                <span
                  class="pf-v5-screen-reader"
                />
              </div>
            </a>
          </td>
          <td
            class="pf-v5-c-table__td pf-m-width-10"
            data-key="1"
            data-label="Systems"
            tabindex="-1"
          >
            <div
              class="pf-v5-c-skeleton ins-c-skeleton ins-c-skeleton__md"
            >
              <span
                class="pf-v5-screen-reader"
              />
            </div>
          </td>
          <td
            class="pf-v5-c-table__td pf-m-width-10"
            data-key="2"
            data-label="Status"
            tabindex="-1"
          >
            <div>
              <div
                class="pf-v5-c-skeleton ins-c-skeleton ins-c-skeleton__md"
              >
                <span
                  class="pf-v5-screen-reader"
                />
              </div>
            </div>
          </td>
          <td
            class="pf-v5-c-table__td pf-m-width-20"
            data-key="3"
            data-label="Run date/time"
            tabindex="-1"
          >
            <div
              class="pf-v5-c-skeleton ins-c-skeleton ins-c-skeleton__md"
            >
              <span
                class="pf-v5-screen-reader"
              />
            </div>
          </td>
          <td
            class="pf-v5-c-table__td pf-v5-c-table__action"
            data-key="4"
            style="padding-right: 0px;"
            tabindex="-1"
          >
            <button
              aria-expanded="false"
              aria-label="Kebab toggle"
              class="pf-v5-c-menu-toggle pf-m-plain"
              data-ouia-component-id="OUIA-Generated-MenuToggle-plain-11"
              data-ouia-component-type="PF5/MenuToggle"
              data-ouia-safe="true"
              type="button"
            >
              <svg
                aria-hidden="true"
                class="pf-v5-svg"
                fill="currentColor"
                height="1em"
                role="img"
                viewBox="0 0 192 512"
                width="1em"
              >
                <path
                  d="M96 184c39.8 0 72 32.2 72 72s-32.2 72-72 72-72-32.2-72-72 32.2-72 72-72zM24 80c0 39.8 32.2 72 72 72s72-32.2 72-72S135.8 8 96 8 24 40.2 24 80zm0 352c0 39.8 32.2 72 72 72s72-32.2 72-72-32.2-72-72-72-72 32.2-72 72z"
                />
              </svg>
            </button>
          </td>
        </tr>
      </tbody>
    </table>
  </div>
</DocumentFragment>
`;
